This file contains any messages produced by compilers while
running configure, to aid debugging if configure makes a mistake.

It was created by shell configure 1.6, which was
generated by GNU Autoconf 2.73.  Invocation command line was

  $ ./configure 'CFLAGS=-Wall -Wextra'

## --------- ##
## Platform. ##
## --------- ##

hostname = COSLAPTOP
uname -m = x86_64
uname -r = 7.1.3-2-cachyos
uname -s = Linux
uname -v = #1 SMP PREEMPT_DYNAMIC Wed, 08 Jul 2026 18:34:01 +0000

/usr/bin/uname -p = unknown
/bin/uname -X     = unknown

/bin/arch              = unknown
/usr/bin/arch -k       = unknown
/usr/convex/getsysinfo = unknown
/usr/bin/hostinfo      = unknown
/bin/machine           = unknown
/usr/bin/oslevel       = unknown
/bin/universe          = unknown

PATH: ~/.jetbrains/Toolbox/bin/
PATH: /opt/x86_64-pc-linux-musl/bin/
PATH: /usr/local/sbin/
PATH: /usr/local/bin/
PATH: /usr/bin/
PATH: /usr/lib/jvm/default/bin/
PATH: /usr/bin/site_perl/
PATH: /usr/bin/vendor_perl/
PATH: /usr/bin/core_perl/


## ----------- ##
## Core tests. ##
## ----------- ##

configure:2511: looking for aux files: config.guess config.sub compile missing install-sh
configure:2524:  trying ./
configure:2553:   ./config.guess found
configure:2553:   ./config.sub found
configure:2553:   ./compile found
configure:2553:   ./missing found
configure:2535:   ./install-sh found
configure:2706: checking for a BSD-compatible install
configure:2780: result: /usr/bin/install -c
configure:2791: checking whether sleep supports fractional seconds
configure:2807: result: yes
configure:2810: checking filesystem timestamp resolution
configure:2945: result: 0.01
configure:2950: checking whether build environment is sane
configure:2995: result: yes
configure:3166: checking for a race-free mkdir -p
configure:3209: result: /usr/bin/mkdir -p
configure:3216: checking for gawk
configure:3237: found /usr/bin/gawk
configure:3249: result: gawk
configure:3260: checking whether make sets $(MAKE)
configure:3284: result: yes
configure:3310: checking whether make supports nested variables
configure:3329: result: yes
configure:3343: checking xargs -n works
configure:3359: result: yes
configure:3444: checking whether UID '1000' is supported by ustar format
configure:3450: result: yes
configure:3457: checking whether GID '1000' is supported by ustar format
configure:3463: result: yes
configure:3471: checking how to create a ustar tar archive
configure:3482: tar --version
tar (GNU tar) 1.35
Copyright (C) 2023 Free Software Foundation, Inc.
License GPLv3+: GNU GPL version 3 or later <https://gnu.org/licenses/gpl.html>.
This is free software: you are free to change and redistribute it.
There is NO WARRANTY, to the extent permitted by law.

Written by John Gilmore and Jay Fenlason.
configure:3485: $? = 0
configure:3525: tardir=conftest.dir && eval tar --format=ustar -chf - "$tardir" >conftest.tar
configure:3528: $? = 0
configure:3532: tar -xf - <conftest.tar
configure:3535: $? = 0
configure:3537: cat conftest.dir/file
GrepMe
configure:3540: $? = 0
configure:3555: result: gnutar
configure:3652: checking for gcc
configure:3673: found /usr/bin/gcc
configure:3685: result: gcc
configure:4044: checking for C compiler version
configure:4053: gcc --version >&5
gcc (GCC) 16.1.1 20260625
Copyright (C) 2026 Free Software Foundation, Inc.
This is free software; see the source for copying conditions.  There is NO
warranty; not even for MERCHANTABILITY or FITNESS FOR A PARTICULAR PURPOSE.

configure:4064: $? = 0
configure:4053: gcc -v >&5
Using built-in specs.
COLLECT_GCC=gcc
COLLECT_LTO_WRAPPER=/usr/lib/gcc/x86_64-pc-linux-gnu/16/lto-wrapper
Target: x86_64-pc-linux-gnu
Configured with: ../gcc/configure --enable-languages=ada,c,c++,d,fortran,go,lto,m2,objc,obj-c++,rust,cobol --enable-bootstrap --prefix=/usr --libdir=/usr/lib --libexecdir=/usr/lib --mandir=/usr/share/man --infodir=/usr/share/info --with-bugurl=https://github.com/CachyOS/CachyOS-PKGBUILDS/issues --with-build-config=bootstrap-lto --with-gcc-major-version-only --with-linker-hash-style=gnu --with-system-zlib --enable-cet=auto --enable-checking=release --enable-clocale=gnu --enable-default-pie --enable-default-ssp --enable-gnu-indirect-function --enable-gnu-unique-object --enable-libstdcxx-backtrace --enable-link-serialization=1 --enable-linker-build-id --enable-lto --enable-multilib --enable-plugin --enable-shared --enable-threads=posix --disable-fixincludes --disable-libssp --disable-libstdcxx-pch --disable-werror
Thread model: posix
Supported LTO compression algorithms: zlib zstd
gcc version 16.1.1 20260625 (GCC) 
configure:4064: $? = 0
configure:4053: gcc -V >&5
gcc: error: unrecognized command-line option '-V'
gcc: fatal error: no input files
compilation terminated.
configure:4064: $? = 1
configure:4053: gcc -qversion >&5
gcc: error: unrecognized command-line option '-qversion'; did you mean '--version'?
gcc: fatal error: no input files
compilation terminated.
configure:4064: $? = 1
configure:4053: gcc -version >&5
gcc: error: unrecognized command-line option '-version'
gcc: fatal error: no input files
compilation terminated.
configure:4064: $? = 1
configure:4084: checking whether the C compiler works
configure:4106: gcc -Wall -Wextra   conftest.c  >&5
configure:4110: $? = 0
configure:4161: result: yes
configure:4165: checking for C compiler default output file name
configure:4167: result: a.out
configure:4173: checking for suffix of executables
configure:4180: gcc -o conftest -Wall -Wextra   conftest.c  >&5
configure:4184: $? = 0
configure:4208: result: 
configure:4232: checking whether we are cross compiling
configure:4240: gcc -o conftest -Wall -Wextra   conftest.c  >&5
configure:4244: $? = 0
configure:4251: ./conftest
configure:4255: $? = 0
configure:4270: result: no
configure:4276: checking for suffix of object files
configure:4299: gcc -c -Wall -Wextra  conftest.c >&5
configure:4303: $? = 0
configure:4327: result: o
configure:4331: checking whether the compiler supports GNU C
configure:4351: gcc -c -Wall -Wextra  conftest.c >&5
configure:4351: $? = 0
configure:4363: result: yes
configure:4374: checking whether gcc accepts -g
configure:4395: gcc -c -g  conftest.c >&5
configure:4395: $? = 0
configure:4442: result: yes
configure:4462: checking for gcc option to enable C23 features
configure:4477: gcc  -c -Wall -Wextra  conftest.c >&5
configure:4477: $? = 0
configure:4496: result: none needed
configure:4669: checking whether gcc understands -c and -o together
configure:4692: gcc -c conftest.c -o conftest2.o
configure:4695: $? = 0
configure:4692: gcc -c conftest.c -o conftest2.o
configure:4695: $? = 0
configure:4711: result: yes
configure:4731: checking whether make supports the include directive
configure:4746: make -f confmf.GNU && cat confinc.out
this is the am__doit target
configure:4749: $? = 0
configure:4768: result: yes (GNU style)
configure:4794: checking dependency style of gcc
configure:4907: result: gcc3
configure:4930: checking for stdio.h
configure:4930: gcc -c -Wall -Wextra  conftest.c >&5
configure:4930: $? = 0
configure:4930: result: yes
configure:4930: checking for stdlib.h
configure:4930: gcc -c -Wall -Wextra  conftest.c >&5
configure:4930: $? = 0
configure:4930: result: yes
configure:4930: checking for string.h
configure:4930: gcc -c -Wall -Wextra  conftest.c >&5
configure:4930: $? = 0
configure:4930: result: yes
configure:4930: checking for inttypes.h
configure:4930: gcc -c -Wall -Wextra  conftest.c >&5
configure:4930: $? = 0
configure:4930: result: yes
configure:4930: checking for stdint.h
configure:4930: gcc -c -Wall -Wextra  conftest.c >&5
configure:4930: $? = 0
configure:4930: result: yes
configure:4930: checking for strings.h
configure:4930: gcc -c -Wall -Wextra  conftest.c >&5
configure:4930: $? = 0
configure:4930: result: yes
configure:4930: checking for sys/stat.h
configure:4930: gcc -c -Wall -Wextra  conftest.c >&5
configure:4930: $? = 0
configure:4930: result: yes
configure:4930: checking for sys/types.h
configure:4930: gcc -c -Wall -Wextra  conftest.c >&5
configure:4930: $? = 0
configure:4930: result: yes
configure:4930: checking for unistd.h
configure:4930: gcc -c -Wall -Wextra  conftest.c >&5
configure:4930: $? = 0
configure:4930: result: yes
configure:4930: checking for vfork.h
configure:4930: gcc -c -Wall -Wextra  conftest.c >&5
conftest.c:48:10: fatal error: vfork.h: No such file or directory
   48 | #include <vfork.h>
      |          ^~~~~~~~~
compilation terminated.
configure:4930: $? = 1
configure: failed program was:
| /* confdefs.h */
| #define PACKAGE_NAME "shell"
| #define PACKAGE_TARNAME "shell"
| #define PACKAGE_VERSION "1.6"
| #define PACKAGE_STRING "shell 1.6"
| #define PACKAGE_BUGREPORT ""
| #define PACKAGE_URL ""
| #define PACKAGE "shell"
| #define VERSION "1.6"
| #define HAVE_STDIO_H 1
| #define HAVE_STDLIB_H 1
| #define HAVE_STRING_H 1
| #define HAVE_INTTYPES_H 1
| #define HAVE_STDINT_H 1
| #define HAVE_STRINGS_H 1
| #define HAVE_SYS_STAT_H 1
| #define HAVE_SYS_TYPES_H 1
| #define HAVE_UNISTD_H 1
| /* end confdefs.h.  */
| #include <stddef.h>
| #ifdef HAVE_STDIO_H
| # include <stdio.h>
| #endif
| #ifdef HAVE_STDLIB_H
| # include <stdlib.h>
| #endif
| #ifdef HAVE_STRING_H
| # include <string.h>
| #endif
| #ifdef HAVE_INTTYPES_H
| # include <inttypes.h>
| #endif
| #ifdef HAVE_STDINT_H
| # include <stdint.h>
| #endif
| #ifdef HAVE_STRINGS_H
| # include <strings.h>
| #endif
| #ifdef HAVE_SYS_TYPES_H
| # include <sys/types.h>
| #endif
| #ifdef HAVE_SYS_STAT_H
| # include <sys/stat.h>
| #endif
| #ifdef HAVE_UNISTD_H
| # include <unistd.h>
| #endif
| #include <vfork.h>
configure:4930: result: no
configure:4955: checking for termios.h
configure:4955: gcc -c -Wall -Wextra  conftest.c >&5
configure:4955: $? = 0
configure:4955: result: yes
configure:4961: checking for unistd.h
configure:4961: result: yes
configure:4971: checking for pid_t
configure:4971: gcc -c -Wall -Wextra  conftest.c >&5
configure:4971: $? = 0
configure:4971: gcc -c -Wall -Wextra  conftest.c >&5
conftest.c: In function 'main':
conftest.c:55:20: error: expected expression before ')' token
   55 | if (sizeof ((pid_t)))
      |                    ^
configure:4971: $? = 1
configure: failed program was:
| /* confdefs.h */
| #define PACKAGE_NAME "shell"
| #define PACKAGE_TARNAME "shell"
| #define PACKAGE_VERSION "1.6"
| #define PACKAGE_STRING "shell 1.6"
| #define PACKAGE_BUGREPORT ""
| #define PACKAGE_URL ""
| #define PACKAGE "shell"
| #define VERSION "1.6"
| #define HAVE_STDIO_H 1
| #define HAVE_STDLIB_H 1
| #define HAVE_STRING_H 1
| #define HAVE_INTTYPES_H 1
| #define HAVE_STDINT_H 1
| #define HAVE_STRINGS_H 1
| #define HAVE_SYS_STAT_H 1
| #define HAVE_SYS_TYPES_H 1
| #define HAVE_UNISTD_H 1
| #define STDC_HEADERS 1
| #define HAVE_TERMIOS_H 1
| #define HAVE_UNISTD_H 1
| /* end confdefs.h.  */
| #include <stddef.h>
| #ifdef HAVE_STDIO_H
| # include <stdio.h>
| #endif
| #ifdef HAVE_STDLIB_H
| # include <stdlib.h>
| #endif
| #ifdef HAVE_STRING_H
| # include <string.h>
| #endif
| #ifdef HAVE_INTTYPES_H
| # include <inttypes.h>
| #endif
| #ifdef HAVE_STDINT_H
| # include <stdint.h>
| #endif
| #ifdef HAVE_STRINGS_H
| # include <strings.h>
| #endif
| #ifdef HAVE_SYS_TYPES_H
| # include <sys/types.h>
| #endif
| #ifdef HAVE_SYS_STAT_H
| # include <sys/stat.h>
| #endif
| #ifdef HAVE_UNISTD_H
| # include <unistd.h>
| #endif
| 
| int
| main (void)
| {
| if (sizeof ((pid_t)))
| 	    return 0;
|   ;
|   return 0;
| }
configure:4971: result: yes
configure:5009: checking for ssize_t
configure:5009: gcc -c -Wall -Wextra  conftest.c >&5
configure:5009: $? = 0
configure:5009: gcc -c -Wall -Wextra  conftest.c >&5
conftest.c: In function 'main':
conftest.c:54:22: error: expected expression before ')' token
   54 | if (sizeof ((ssize_t)))
      |                      ^
configure:5009: $? = 1
configure: failed program was:
| /* confdefs.h */
| #define PACKAGE_NAME "shell"
| #define PACKAGE_TARNAME "shell"
| #define PACKAGE_VERSION "1.6"
| #define PACKAGE_STRING "shell 1.6"
| #define PACKAGE_BUGREPORT ""
| #define PACKAGE_URL ""
| #define PACKAGE "shell"
| #define VERSION "1.6"
| #define HAVE_STDIO_H 1
| #define HAVE_STDLIB_H 1
| #define HAVE_STRING_H 1
| #define HAVE_INTTYPES_H 1
| #define HAVE_STDINT_H 1
| #define HAVE_STRINGS_H 1
| #define HAVE_SYS_STAT_H 1
| #define HAVE_SYS_TYPES_H 1
| #define HAVE_UNISTD_H 1
| #define STDC_HEADERS 1
| #define HAVE_TERMIOS_H 1
| #define HAVE_UNISTD_H 1
| /* end confdefs.h.  */
| #include <stddef.h>
| #ifdef HAVE_STDIO_H
| # include <stdio.h>
| #endif
| #ifdef HAVE_STDLIB_H
| # include <stdlib.h>
| #endif
| #ifdef HAVE_STRING_H
| # include <string.h>
| #endif
| #ifdef HAVE_INTTYPES_H
| # include <inttypes.h>
| #endif
| #ifdef HAVE_STDINT_H
| # include <stdint.h>
| #endif
| #ifdef HAVE_STRINGS_H
| # include <strings.h>
| #endif
| #ifdef HAVE_SYS_TYPES_H
| # include <sys/types.h>
| #endif
| #ifdef HAVE_SYS_STAT_H
| # include <sys/stat.h>
| #endif
| #ifdef HAVE_UNISTD_H
| # include <unistd.h>
| #endif
| int
| main (void)
| {
| if (sizeof ((ssize_t)))
| 	    return 0;
|   ;
|   return 0;
| }
configure:5009: result: yes
configure:5027: checking for fork
configure:5027: gcc -o conftest -Wall -Wextra   conftest.c  >&5
conftest.c:39:6: warning: conflicting types for built-in function 'fork'; expected 'int(void)' [-Wbuiltin-declaration-mismatch]
   39 | char fork (void);
      |      ^~~~
configure:5027: $? = 0
configure:5027: result: yes
configure:5027: checking for vfork
configure:5027: gcc -o conftest -Wall -Wextra   conftest.c  >&5
configure:5027: $? = 0
configure:5027: result: yes
configure:5040: checking for working fork
configure:5064: gcc -o conftest -Wall -Wextra   conftest.c  >&5
configure:5064: $? = 0
configure:5064: ./conftest
configure:5064: $? = 0
configure:5078: result: yes
configure:5099: checking for working vfork
configure:5231: result: yes
configure:5262: checking build system type
configure:5278: result: x86_64-pc-linux-gnu
configure:5298: checking host system type
configure:5313: result: x86_64-pc-linux-gnu
configure:5334: checking whether malloc (0) returns nonnull
configure:5370: gcc -o conftest -Wall -Wextra   conftest.c  >&5
configure:5370: $? = 0
configure:5370: ./conftest
configure:5370: $? = 0
configure:5384: result: yes
configure:5407: checking whether realloc (0, 0) returns nonnull
configure:5443: gcc -o conftest -Wall -Wextra   conftest.c  >&5
configure:5443: $? = 0
configure:5443: ./conftest
configure:5443: $? = 0
configure:5457: result: yes
configure:5479: checking for getcwd
configure:5479: gcc -o conftest -Wall -Wextra   conftest.c  >&5
configure:5479: $? = 0
configure:5479: result: yes
configure:5485: checking for strtol
configure:5485: gcc -o conftest -Wall -Wextra   conftest.c  >&5
configure:5485: $? = 0
configure:5485: result: yes
configure:5567: checking that generated files are newer than configure
configure:5573: result: done
configure:5616: creating ./config.status

## ---------------------- ##
## Running config.status. ##
## ---------------------- ##

This file was extended by shell config.status 1.6, which was
generated by GNU Autoconf 2.73.  Invocation command line was

  CONFIG_FILES    = 
  CONFIG_HEADERS  = 
  CONFIG_LINKS    = 
  CONFIG_COMMANDS = 
  $ ./config.status 

on COSLAPTOP

config.status:855: creating Makefile
config.status:855: creating src/Makefile
config.status:855: creating config.h
config.status:1084: executing depfiles commands
config.status:1159: cd src       && sed -e '/# am--include-marker/d' Makefile         | make -f - am--depfiles
config.status:1166: $? = 0

## ---------------- ##
## Cache variables. ##
## ---------------- ##

ac_cv_build=x86_64-pc-linux-gnu
ac_cv_c_compiler_gnu=yes
ac_cv_env_CC_set=
ac_cv_env_CC_value=
ac_cv_env_CFLAGS_set=set
ac_cv_env_CFLAGS_value='-Wall -Wextra'
ac_cv_env_CPPFLAGS_set=
ac_cv_env_CPPFLAGS_value=
ac_cv_env_LDFLAGS_set=
ac_cv_env_LDFLAGS_value=
ac_cv_env_LIBS_set=
ac_cv_env_LIBS_value=
ac_cv_env_build_alias_set=
ac_cv_env_build_alias_value=
ac_cv_env_host_alias_set=
ac_cv_env_host_alias_value=
ac_cv_env_target_alias_set=
ac_cv_env_target_alias_value=
ac_cv_func_fork=yes
ac_cv_func_fork_works=yes
ac_cv_func_getcwd=yes
ac_cv_func_malloc_0_nonnull=yes
ac_cv_func_realloc_0_nonnull=yes
ac_cv_func_strtol=yes
ac_cv_func_vfork=yes
ac_cv_func_vfork_works=yes
ac_cv_header_inttypes_h=yes
ac_cv_header_stdint_h=yes
ac_cv_header_stdio_h=yes
ac_cv_header_stdlib_h=yes
ac_cv_header_string_h=yes
ac_cv_header_strings_h=yes
ac_cv_header_sys_stat_h=yes
ac_cv_header_sys_types_h=yes
ac_cv_header_termios_h=yes
ac_cv_header_unistd_h=yes
ac_cv_header_vfork_h=no
ac_cv_host=x86_64-pc-linux-gnu
ac_cv_objext=o
ac_cv_path_install='/usr/bin/install -c'
ac_cv_path_mkdir=/usr/bin/mkdir
ac_cv_prog_AWK=gawk
ac_cv_prog_ac_ct_CC=gcc
ac_cv_prog_cc_c23=
ac_cv_prog_cc_g=yes
ac_cv_prog_cc_stdc=
ac_cv_prog_make_make_set=yes
ac_cv_type_pid_t=yes
ac_cv_type_ssize_t=yes
am_cv_CC_dependencies_compiler_type=gcc3
am_cv_filesystem_timestamp_resolution=0.01
am_cv_make_support_nested_variables=yes
am_cv_prog_cc_c_o=yes
am_cv_prog_tar_ustar=gnutar
am_cv_sleep_fractional_seconds=yes
am_cv_xargs_n_works=yes

## ----------------- ##
## Output variables. ##
## ----------------- ##

ACLOCAL='${SHELL} '\''/home/bltsandwich/Programs/shell/missing'\'' aclocal-1.18'
AMDEPBACKSLASH='\'
AMDEP_FALSE='#'
AMDEP_TRUE=''
AMTAR='$${TAR-tar}'
AM_BACKSLASH='\'
AM_DEFAULT_V='$(AM_DEFAULT_VERBOSITY)'
AM_DEFAULT_VERBOSITY='1'
AM_V='$(V)'
AUTOCONF='${SHELL} '\''/home/bltsandwich/Programs/shell/missing'\'' autoconf'
AUTOHEADER='${SHELL} '\''/home/bltsandwich/Programs/shell/missing'\'' autoheader'
AUTOMAKE='${SHELL} '\''/home/bltsandwich/Programs/shell/missing'\'' automake-1.18'
AWK='gawk'
CC='gcc'
CCDEPMODE='depmode=gcc3'
CFLAGS='-Wall -Wextra'
CPPFLAGS=''
CSCOPE='cscope'
CTAGS='ctags'
CYGPATH_W='echo'
DEFS='-DHAVE_CONFIG_H'
DEPDIR='.deps'
ECHO_C=''
ECHO_N='-n'
ECHO_T=''
ETAGS='etags'
EXEEXT=''
INSTALL_DATA='${INSTALL} -m 644'
INSTALL_PROGRAM='${INSTALL}'
INSTALL_SCRIPT='${INSTALL}'
INSTALL_STRIP_PROGRAM='$(install_sh) -c -s'
LDFLAGS=''
LIBOBJS=''
LIBS=''
LTLIBOBJS=''
MAKEINFO='${SHELL} '\''/home/bltsandwich/Programs/shell/missing'\'' makeinfo'
MKDIR_P='/usr/bin/mkdir -p'
OBJEXT='o'
PACKAGE='shell'
PACKAGE_BUGREPORT=''
PACKAGE_NAME='shell'
PACKAGE_STRING='shell 1.6'
PACKAGE_TARNAME='shell'
PACKAGE_URL=''
PACKAGE_VERSION='1.6'
PATH_SEPARATOR=':'
SET_MAKE=''
SHELL='/bin/sh'
STRIP=''
VERSION='1.6'
ac_ct_CC='gcc'
am__EXEEXT_FALSE=''
am__EXEEXT_TRUE='#'
am__fastdepCC_FALSE='#'
am__fastdepCC_TRUE=''
am__include='include'
am__isrc=''
am__leading_dot='.'
am__nodep='_no'
am__quote=''
am__rm_f_notfound=''
am__tar='tar --format=ustar -chf - "$$tardir"'
am__untar='tar -xf -'
am__xargs_n='xargs -n'
bindir='${exec_prefix}/bin'
build='x86_64-pc-linux-gnu'
build_alias=''
build_cpu='x86_64'
build_os='linux-gnu'
build_vendor='pc'
datadir='${datarootdir}'
datarootdir='${prefix}/share'
docdir='${datarootdir}/doc/${PACKAGE_TARNAME}'
dvidir='${docdir}'
exec_prefix='${prefix}'
host='x86_64-pc-linux-gnu'
host_alias=''
host_cpu='x86_64'
host_os='linux-gnu'
host_vendor='pc'
htmldir='${docdir}'
includedir='${prefix}/include'
infodir='${datarootdir}/info'
install_sh='${SHELL} /home/bltsandwich/Programs/shell/install-sh'
libdir='${exec_prefix}/lib'
libexecdir='${exec_prefix}/libexec'
localedir='${datarootdir}/locale'
localstatedir='${prefix}/var'
mandir='${datarootdir}/man'
mkdir_p='$(MKDIR_P)'
oldincludedir='/usr/include'
pdfdir='${docdir}'
prefix='/usr/local'
program_transform_name='s,x,x,'
psdir='${docdir}'
runstatedir='${localstatedir}/run'
sbindir='${exec_prefix}/sbin'
sharedstatedir='${prefix}/com'
sysconfdir='${prefix}/etc'
target_alias=''

## ----------- ##
## confdefs.h. ##
## ----------- ##

/* confdefs.h */
#define PACKAGE_NAME "shell"
#define PACKAGE_TARNAME "shell"
#define PACKAGE_VERSION "1.6"
#define PACKAGE_STRING "shell 1.6"
#define PACKAGE_BUGREPORT ""
#define PACKAGE_URL ""
#define PACKAGE "shell"
#define VERSION "1.6"
#define HAVE_STDIO_H 1
#define HAVE_STDLIB_H 1
#define HAVE_STRING_H 1
#define HAVE_INTTYPES_H 1
#define HAVE_STDINT_H 1
#define HAVE_STRINGS_H 1
#define HAVE_SYS_STAT_H 1
#define HAVE_SYS_TYPES_H 1
#define HAVE_UNISTD_H 1
#define STDC_HEADERS 1
#define HAVE_TERMIOS_H 1
#define HAVE_UNISTD_H 1
#define HAVE_FORK 1
#define HAVE_VFORK 1
#define HAVE_WORKING_VFORK 1
#define HAVE_WORKING_FORK 1
#define HAVE_MALLOC 1
#define HAVE_REALLOC 1
#define HAVE_GETCWD 1
#define HAVE_STRTOL 1

configure: exit 
